// Vitest Snapshot v1, https://vitest.dev/guide/snapshot.html

exports[`AppInfo Component - User Stories > matches snapshot 1`] = `
<div>
  <div
    class="mx-auto max-w-[500px]"
  >
    <div
      class="my-3.5"
    >
      <div
        class="flex h-2/4 flex-col items-center justify-center"
      >
        <img
          alt="North Carolina Department of Parks and Rec White Logo"
          height="103"
          src="/DPRLogoWhite.svg"
          width="136"
        />
        <h3
          class="text-center"
        >
          North Carolina State Parks
        </h3>
        <p
          class="script h-20"
          style="padding-top: 30px;"
        >
          Passport
        </p>
      </div>
    </div>
    <div
      class="p-4"
    >
      <div
        class="bg-supporting_inactiveblue p-2 text-center text-system_white"
      >
        <h3>
          CONTACT US
        </h3>
      </div>
      <div
        class="space-y-2 bg-supporting_lightblue p-2.5 text-center"
      >
        <div>
          <a
            class="text-supporting_inactiveblue no-underline"
            data-discover="true"
            href="/www.ncparks.gov"
          >
            www.ncparks.gov
          </a>
        </div>
        <div
          class="flex justify-center gap-3"
        >
          <a
            class="flex h-8 w-8 items-center justify-center rounded-full bg-supporting_inactiveblue"
            href="https://www.facebook.com/NorthCarolinaStateParks/"
          >
            <svg
              class="text-supporting_lightblue"
              fill="currentColor"
              height="20"
              stroke="currentColor"
              stroke-width="0"
              viewBox="0 0 320 512"
              width="20"
              xmlns="http://www.w3.org/2000/svg"
            >
              <path
                d="M279.14 288l14.22-92.66h-88.91v-60.13c0-25.35 12.42-50.06 52.24-50.06h40.42V6.26S260.43 0 225.36 0c-73.22 0-121.08 44.38-121.08 124.72v70.62H22.89V288h81.39v224h100.17V288z"
              />
            </svg>
          </a>
          <a
            class="flex h-8 w-8 items-center justify-center rounded-full bg-supporting_inactiveblue"
            href="https://www.instagram.com/ncstateparks/"
          >
            <svg
              class="text-supporting_lightblue"
              fill="currentColor"
              height="20"
              stroke="currentColor"
              stroke-width="0"
              viewBox="0 0 448 512"
              width="20"
              xmlns="http://www.w3.org/2000/svg"
            >
              <path
                d="M224.1 141c-63.6 0-114.9 51.3-114.9 114.9s51.3 114.9 114.9 114.9S339 319.5 339 255.9 287.7 141 224.1 141zm0 189.6c-41.1 0-74.7-33.5-74.7-74.7s33.5-74.7 74.7-74.7 74.7 33.5 74.7 74.7-33.6 74.7-74.7 74.7zm146.4-194.3c0 14.9-12 26.8-26.8 26.8-14.9 0-26.8-12-26.8-26.8s12-26.8 26.8-26.8 26.8 12 26.8 26.8zm76.1 27.2c-1.7-35.9-9.9-67.7-36.2-93.9-26.2-26.2-58-34.4-93.9-36.2-37-2.1-147.9-2.1-184.9 0-35.8 1.7-67.6 9.9-93.9 36.1s-34.4 58-36.2 93.9c-2.1 37-2.1 147.9 0 184.9 1.7 35.9 9.9 67.7 36.2 93.9s58 34.4 93.9 36.2c37 2.1 147.9 2.1 184.9 0 35.9-1.7 67.7-9.9 93.9-36.2 26.2-26.2 34.4-58 36.2-93.9 2.1-37 2.1-147.8 0-184.8zM398.8 388c-7.8 19.6-22.9 34.7-42.6 42.6-29.5 11.7-99.5 9-132.1 9s-102.7 2.6-132.1-9c-19.6-7.8-34.7-22.9-42.6-42.6-11.7-29.5-9-99.5-9-132.1s-2.6-102.7 9-132.1c7.8-19.6 22.9-34.7 42.6-42.6 29.5-11.7 99.5-9 132.1-9s102.7-2.6 132.1 9c19.6 7.8 34.7 22.9 42.6 42.6 11.7 29.5 9 99.5 9 132.1s2.7 102.7-9 132.1z"
              />
            </svg>
          </a>
          <a
            class="flex h-8 w-8 items-center justify-center rounded-full bg-supporting_inactiveblue"
            href="https://www.youtube.com/@parksNC"
          >
            <svg
              class="text-supporting_lightblue"
              fill="currentColor"
              height="20"
              stroke="currentColor"
              stroke-width="0"
              viewBox="0 0 576 512"
              width="20"
              xmlns="http://www.w3.org/2000/svg"
            >
              <path
                d="M549.655 124.083c-6.281-23.65-24.787-42.276-48.284-48.597C458.781 64 288 64 288 64S117.22 64 74.629 75.486c-23.497 6.322-42.003 24.947-48.284 48.597-11.412 42.867-11.412 132.305-11.412 132.305s0 89.438 11.412 132.305c6.281 23.65 24.787 41.5 48.284 47.821C117.22 448 288 448 288 448s170.78 0 213.371-11.486c23.497-6.321 42.003-24.171 48.284-47.821 11.412-42.867 11.412-132.305 11.412-132.305s0-89.438-11.412-132.305zm-317.51 213.508V175.185l142.739 81.205-142.739 81.201z"
              />
            </svg>
          </a>
        </div>
        <p
          class="space-y-1"
        >
          <span>
            NC Division of Parks and Recreation
          </span>
          <br />
          <span>
            Dept. of Natural and Cultural Resources
          </span>
          <br />
          <span>
            1615 Mail Service Center
          </span>
          <br />
          <span>
            Raleigh, NC 27699
          </span>
          <br />
          <span>
            (919) 707-9300
          </span>
        </p>
      </div>
    </div>
    <div
      class="p-4"
    >
      <div
        class="bg-secondary_orange p-2 text-center text-system_white"
      >
        <h3>
          DOWNLOAD PARK MAPS
        </h3>
      </div>
      <div
        class="flex items-center bg-supporting_lightorange p-2.5"
      >
        <div
          class="-ml-8 float-left"
        >
          <svg
            fill="currentColor"
            height="90"
            stroke="currentColor"
            stroke-width="0"
            style="transform: rotate(-25deg);"
            viewBox="0 0 24 24"
            width="90"
            xmlns="http://www.w3.org/2000/svg"
          >
            <path
              d="M2 5L9 2L15 5L21.303 2.2987C21.5569 2.18992 21.8508 2.30749 21.9596 2.56131C21.9862 2.62355 22 2.69056 22 2.75827V19L15 22L9 19L2.69696 21.7013C2.44314 21.8101 2.14921 21.6925 2.04043 21.4387C2.01375 21.3765 2 21.3094 2 21.2417V5ZM16 19.3955L20 17.6812V5.03308L16 6.74736V19.3955ZM14 19.2639V6.73607L10 4.73607V17.2639L14 19.2639ZM8 17.2526V4.60451L4 6.31879V18.9669L8 17.2526Z"
            />
          </svg>
        </div>
        <p
          class="text-center"
        >
          Save paper and save trees by getting a digital map of the park before you visit!
          <br />
          <br />
          Go to ncparks.gov, pick a park, and download the map or get more information.
        </p>
      </div>
    </div>
    <div
      class="p-4"
    >
      <div
        class="mb-3 flex items-center"
      >
        <img
          alt=""
          class="mr-2 h-[50px] w-[50px]"
          src="/icons/misc/Camping.png"
        />
        <div
          class="flex w-full flex-col justify-center"
        >
          <h4
            class="pb-1 text-center text-main_green"
          >
            MAKE A RESERVATION
          </h4>
          <div
            class="flex flex-wrap items-center justify-between gap-2"
          >
            <a
              class="p-mini"
              href="https://www.ncparks.gov/reservations"
            >
              ncparks.gov/reservations
            </a>
            <p
              class="p-mini"
            >
              1-877-722-6762
            </p>
          </div>
        </div>
      </div>
      <div
        class="mt-3 flex items-center"
      >
        <img
          alt=""
          class="mr-2 h-[50px] w-[50px]"
          src="/icons/misc/PicnicShelter.png"
        />
        <p
          class="p-mini"
        >
          Reserve campsites, picnic shelters and other park facilities online or over the phone.
        </p>
      </div>
    </div>
  </div>
</div>
`;
