// Vitest Snapshot v1, https://vitest.dev/guide/snapshot.html

exports[`WelcomeMessage Component > matches snapshot 1`] = `
<div>
  <div
    class="space-y-6"
  >
    <h1
      class="whitespace-nowrap text-center text-main-green text-xl"
    >
      <span
        class="inline-block w-full text-[length:min(64px,_calc(100vw_/_7))]"
      >
        WELCOME!
      </span>
    </h1>
    <div
      class="space-y-4"
    >
      <p>
        Since 1916, North Carolina's state parks have grown a lot. Now they cover over a 260,000 acres and offer tons of things to do and see. There's something for everyone!
      </p>
      <p>
        You can find all sorts of landscapes, from tall forests to calm lakes and winding rivers. Plus, there are miles of trails for hiking, mountain biking, and horseback riding. You can also paddle through water routes, enjoy picnics in beautiful spots, and spend a night under the stars.
      </p>
      <p>
        These parks are perfect for taking a break, connecting with nature, and feeling refreshed. You'll discover amazing places that show how we fit into the natural world. There are also exhibits and programs to learn more about North Carolina's wonders.
      </p>
      <p>
        We challenge you to visit as many of these amazing places as you can. Come join us to explore and learn about North Carolina's awesome natural and cultural treasures. We hope this program inspires you to create unforgettable memories and capture keepsakes of your adventures.
      </p>
    </div>
    <div
      class="mt-8 grid grid-cols-3 place-items-center gap-4"
      data-testid="image-grid"
    >
      <div>
        <img
          alt="Elk Knob State Park Scene"
          class="aspect-square w-full rounded-lg object-cover shadow-md"
          src="/photos/ELKN_ParkVisitor_LauraMeeks.jpg"
        />
      </div>
      <div>
        <img
          alt="Mount Jefferson State Natural Area Scene"
          class="aspect-square w-full rounded-lg object-cover shadow-md"
          src="/photos/MOJESign_ParkVisitor_EverettFamily.jpg"
        />
      </div>
      <div>
        <img
          alt="Dog with paper Passport"
          class="aspect-square w-full rounded-lg object-cover shadow-md"
          src="/photos/DogWithPassport_ParkVisitor_KatieGriswold.jpg"
        />
      </div>
    </div>
    <p
      class="text-xs "
      style="margin-top: 12px;"
    >
      From left to right - photo courtesy of: Laura Meeks; The Everett Family; Katie Griswold
    </p>
  </div>
</div>
`;
