// Vitest Snapshot v1, https://vitest.dev/guide/snapshot.html

exports[`ImageModal > matches snapshot 1`] = `
<div>
  <div
    class="fixed inset-0 flex items-center justify-center"
    style="z-index: 9999;"
  >
    <div
      class="absolute inset-0 bg-system-black bg-opacity-70 backdrop-blur-md backdrop-filter"
    />
    <dialog
      aria-modal="true"
      class="relative flex h-full w-full items-center justify-center bg-system-black bg-opacity-0"
    >
      <span
        class="absolute top-4 right-6 z-10 cursor-pointer font-bold text-h1 text-system-white"
        style="text-shadow: 0 0 4px #444444;"
      >
        Ã—
      </span>
      <div
        data-testid="transform-wrapper"
      >
        <div
          data-testid="transform-component"
        >
          <div
            class="flex h-full w-full items-center justify-center"
          >
            <img
              alt="Test Caption"
              class="object-contain"
              src="test-image.jpg"
              style="width: 0px; height: 0px; max-width: 100vw; max-height: 100vh;"
            />
          </div>
        </div>
      </div>
      <div
        class="absolute right-0 bottom-4 left-0 bg-system-black bg-opacity-50 p-2 text-center text-system-white"
        data-testid="caption-container"
      >
        Test Caption
      </div>
    </dialog>
  </div>
</div>
`;
