// Vitest Snapshot v1, https://vitest.dev/guide/snapshot.html

exports[`ContactView > matches snapshot 1`] = `
<div>
  <div
    class="flex h-fit flex-row items-center gap-2 text-supporting-inactiveblue"
  >
    <div
      class="aspect-square"
    >
      <svg
        fill="none"
        height="1em"
        stroke="currentColor"
        stroke-linecap="round"
        stroke-linejoin="round"
        stroke-width="3"
        viewBox="0 0 24 24"
        width="1em"
        xmlns="http://www.w3.org/2000/svg"
      >
        <polygon
          points="3 11 22 2 13 21 11 13 3 11"
        />
      </svg>
    </div>
    <p>
      GPS: 35.4314, -82.2417
    </p>
  </div>
  <div
    class="flex h-fit flex-row items-center gap-2 text-supporting-inactiveblue"
  >
    <div
      class="aspect-square"
    >
      <svg
        fill="none"
        height="1em"
        stroke="currentColor"
        stroke-linecap="round"
        stroke-linejoin="round"
        stroke-width="3"
        viewBox="0 0 24 24"
        width="1em"
        xmlns="http://www.w3.org/2000/svg"
      >
        <path
          d="M22 16.92v3a2 2 0 0 1-2.18 2 19.79 19.79 0 0 1-8.63-3.07 19.5 19.5 0 0 1-6-6 19.79 19.79 0 0 1-3.07-8.67A2 2 0 0 1 4.11 2h3a2 2 0 0 1 2 1.72 12.84 12.84 0 0 0 .7 2.81 2 2 0 0 1-.45 2.11L8.09 9.91a16 16 0 0 0 6 6l1.27-1.27a2 2 0 0 1 2.11-.45 12.84 12.84 0 0 0 2.81.7A2 2 0 0 1 22 16.92z"
        />
      </svg>
    </div>
    <p>
      (828) 625-1823
    </p>
  </div>
  <div
    class="flex h-fit flex-row items-center gap-2 text-supporting-inactiveblue"
  >
    <div
      class="aspect-square"
    >
      <svg
        fill="currentColor"
        height="1em"
        stroke="currentColor"
        stroke-width="3"
        viewBox="0 0 512 512"
        width="1em"
        xmlns="http://www.w3.org/2000/svg"
      >
        <path
          d="M464 64H48C21.49 64 0 85.49 0 112v288c0 26.51 21.49 48 48 48h416c26.51 0 48-21.49 48-48V112c0-26.51-21.49-48-48-48zm0 48v40.805c-22.422 18.259-58.168 46.651-134.587 106.49-16.841 13.247-50.201 45.072-73.413 44.701-23.208.375-56.579-31.459-73.413-44.701C106.18 199.465 70.425 171.067 48 152.805V112h416zM48 400V214.398c22.914 18.251 55.409 43.862 104.938 82.646 21.857 17.205 60.134 55.186 103.062 54.955 42.717.231 80.509-37.199 103.053-54.947 49.528-38.783 82.032-64.401 104.947-82.653V400H48z"
        />
      </svg>
    </div>
    <p>
      chimney.rock@ncparks.gov
    </p>
  </div>
</div>
`;
