// Vitest Snapshot v1, https://vitest.dev/guide/snapshot.html

exports[`LocationActionBar > matches snapshot 1`] = `
<div>
  <div
    class="flex flex-row items-center justify-evenly bg-secondary_darkteal p-2.5"
    data-testid="location-action-bar"
  >
    <a
      class="text-supporting_inactiveblue"
      href="https://www.google.com/maps/place/35.4313688073643,-82.2417344940023"
    >
      <svg
        fill="none"
        height="24"
        stroke="currentColor"
        stroke-linecap="round"
        stroke-linejoin="round"
        stroke-width="4"
        viewBox="0 0 24 24"
        width="24"
        xmlns="http://www.w3.org/2000/svg"
      >
        <polygon
          points="3 11 22 2 13 21 11 13 3 11"
        />
      </svg>
    </a>
    <a
      class="text-supporting_inactiveblue"
      href="tel://8286251823"
    >
      <svg
        fill="none"
        height="24"
        stroke="currentColor"
        stroke-linecap="round"
        stroke-linejoin="round"
        stroke-width="4"
        viewBox="0 0 24 24"
        width="24"
        xmlns="http://www.w3.org/2000/svg"
      >
        <path
          d="M22 16.92v3a2 2 0 0 1-2.18 2 19.79 19.79 0 0 1-8.63-3.07 19.5 19.5 0 0 1-6-6 19.79 19.79 0 0 1-3.07-8.67A2 2 0 0 1 4.11 2h3a2 2 0 0 1 2 1.72 12.84 12.84 0 0 0 .7 2.81 2 2 0 0 1-.45 2.11L8.09 9.91a16 16 0 0 0 6 6l1.27-1.27a2 2 0 0 1 2.11-.45 12.84 12.84 0 0 0 2.81.7A2 2 0 0 1 22 16.92z"
        />
      </svg>
    </a>
    <a
      class="text-supporting_inactiveblue"
      href="https://www.ncparks.gov/state-parks/chimney-rock-state-park"
    >
      <svg
        fill="none"
        height="24"
        stroke="currentColor"
        stroke-linecap="round"
        stroke-linejoin="round"
        stroke-width="3"
        viewBox="0 0 24 24"
        width="24"
        xmlns="http://www.w3.org/2000/svg"
      >
        <circle
          cx="12"
          cy="12"
          r="10"
        />
        <line
          x1="2"
          x2="22"
          y1="12"
          y2="12"
        />
        <path
          d="M12 2a15.3 15.3 0 0 1 4 10 15.3 15.3 0 0 1-4 10 15.3 15.3 0 0 1-4-10 15.3 15.3 0 0 1 4-10z"
        />
      </svg>
    </a>
    <a
      class="text-supporting_inactiveblue"
      href="mailto:chimney.rock@ncparks.gov"
    >
      <svg
        fill="none"
        height="24"
        stroke="currentColor"
        stroke-linecap="round"
        stroke-linejoin="round"
        stroke-width="4"
        viewBox="0 0 24 24"
        width="24"
        xmlns="http://www.w3.org/2000/svg"
      >
        <path
          d="M4 4h16c1.1 0 2 .9 2 2v12c0 1.1-.9 2-2 2H4c-1.1 0-2-.9-2-2V6c0-1.1.9-2 2-2z"
        />
        <polyline
          points="22,6 12,13 2,6"
        />
      </svg>
    </a>
  </div>
</div>
`;
