// Vitest Snapshot v1, https://vitest.dev/guide/snapshot.html

exports[`HikingEssentialItem > matches snapshot 1`] = `
<div>
  <div
    class="w-[calc(50%-1rem)] min-w-[150px] max-w-[200px] rounded-lg"
  >
    <div
      class="flex flex-col items-center"
    >
      <div
        class="relative aspect-[1/.5] w-full rounded-t-full bg-supporting_lightblue"
      >
        <img
          alt="Test Alt Text"
          class="absolute inset-0 h-[calc(100%+6px)] w-full object-contain"
          src="/test-image.jpg"
        />
      </div>
      <h4
        class="min-h-[20px] w-full hyphens-auto break-words bg-supporting_inactiveblue p-1.5 text-center text-[clamp(11px,calc(24/550*100vw),24px)] text-system_white leading-[clamp(8px,calc(20/550*100vw),20px)]"
      >
        Test Title
      </h4>
      <p
        class="w-full bg-supporting_lightblue p-mini py-3 text-center text-[clamp(12px,calc(18/550*100vw),18px)] leading-[clamp(16px,calc(22/550*100vw),22px)]"
      >
        Test Description
      </p>
    </div>
  </div>
</div>
`;
